%!Adobe-FontList 1.19
%Locale:0x409

%BeginFont
Handler:DirectoryHandler
FontType:TrueType
FontName:Lato-Black
FamilyName:Lato
StyleName:Black
MenuName:Lato Black
StyleBits:0
WeightClass:900
WidthClass:5
AngleClass:0
FullName:Lato Black
WritingScript:Roman
OutlineFileName:\Lato-Black.ttf
DataFormat:sfntData
hasSVG:no
VariableFontType:NonVariableFont
FileLength:614544
FileModTime:1438878022
NameArray:0,Mac,4,Lato Black
NameArray:0,Win,1,Lato Black
NameArray:0,Win,16,Lato
%EndFont

%BeginFont
Handler:DirectoryHandler
FontType:TrueType
FontName:Lato-Bold
FamilyName:Lato
StyleName:Bold
MenuName:Lato
StyleBits:2
WeightClass:700
WidthClass:5
AngleClass:0
FullName:Lato Bold
WritingScript:Roman
OutlineFileName:\Lato-Bold.ttf
DataFormat:sfntData
hasSVG:no
VariableFontType:NonVariableFont
FileLength:657188
FileModTime:1438878022
NameArray:0,Mac,4,Lato Bold
NameArray:0,Win,1,Lato
%EndFont

%BeginFont
Handler:DirectoryHandler
FontType:TrueType
FontName:Lato-Medium
FamilyName:Lato
StyleName:Medium
MenuName:Lato Medium
StyleBits:0
WeightClass:500
WidthClass:5
AngleClass:0
FullName:Lato Medium
WritingScript:Roman
OutlineFileName:\Lato-Medium.ttf
DataFormat:sfntData
hasSVG:no
VariableFontType:NonVariableFont
FileLength:637068
FileModTime:1438878022
NameArray:0,Mac,4,Lato Medium
NameArray:0,Win,1,Lato Medium
NameArray:0,Win,16,Lato
%EndFont

%BeginFont
Handler:DirectoryHandler
FontType:TrueType
FontName:Lato-Regular
FamilyName:Lato
StyleName:Regular
MenuName:Lato
StyleBits:0
WeightClass:400
WidthClass:5
AngleClass:0
FullName:Lato Regular
WritingScript:Roman
OutlineFileName:\Lato-Regular.ttf
DataFormat:sfntData
hasSVG:no
VariableFontType:NonVariableFont
FileLength:657212
FileModTime:1438878022
NameArray:0,Mac,4,Lato Regular
NameArray:0,Win,1,Lato
%EndFont

